Copyright 1986-2022 Xilinx, Inc. All Rights Reserved. Copyright 2022-2023 Advanced Micro Devices, Inc. All Rights Reserved.
---------------------------------------------------------------------------------------------------------------------------------------------
| Tool Version : Vivado v.2023.2 (win64) Build 4029153 Fri Oct 13 20:14:34 MDT 2023
| Date         : Wed Oct 30 09:48:36 2024
| Host         : TABLET-LEUQMGK6 running 64-bit major release  (build 9200)
| Command      : report_control_sets -verbose -file TOP_control_sets_placed.rpt
| Design       : TOP
| Device       : xc7z020
---------------------------------------------------------------------------------------------------------------------------------------------

Control Set Information

Table of Contents
-----------------
1. Summary
2. Histogram
3. Flip-Flop Distribution
4. Detailed Control Set Information

1. Summary
----------

+----------------------------------------------------------+-------+
|                          Status                          | Count |
+----------------------------------------------------------+-------+
| Total control sets                                       |    20 |
|    Minimum number of control sets                        |    20 |
|    Addition due to synthesis replication                 |     0 |
|    Addition due to physical synthesis replication        |     0 |
| Unused register locations in slices containing registers |    92 |
+----------------------------------------------------------+-------+
* Control sets can be merged at opt_design using control_set_merge or merge_equivalent_drivers
** Run report_qor_suggestions for automated merging and remapping suggestions


2. Histogram
------------

+--------------------+-------+
|       Fanout       | Count |
+--------------------+-------+
| Total control sets |    20 |
| >= 0 to < 4        |     7 |
| >= 4 to < 6        |     4 |
| >= 6 to < 8        |     0 |
| >= 8 to < 10       |     2 |
| >= 10 to < 12      |     1 |
| >= 12 to < 14      |     0 |
| >= 14 to < 16      |     0 |
| >= 16              |     6 |
+--------------------+-------+
* Control sets can be remapped at either synth_design or opt_design


3. Flip-Flop Distribution
-------------------------

+--------------+-----------------------+------------------------+-----------------+--------------+
| Clock Enable | Synchronous Set/Reset | Asynchronous Set/Reset | Total Registers | Total Slices |
+--------------+-----------------------+------------------------+-----------------+--------------+
| No           | No                    | No                     |               5 |            4 |
| No           | No                    | Yes                    |               0 |            0 |
| No           | Yes                   | No                     |              88 |           22 |
| Yes          | No                    | No                     |             112 |           39 |
| Yes          | No                    | Yes                    |               0 |            0 |
| Yes          | Yes                   | No                     |              39 |            9 |
+--------------+-----------------------+------------------------+-----------------+--------------+


4. Detailed Control Set Information
-----------------------------------

+---------------------------+--------------------------------------------------------------+------------------+------------------+----------------+--------------+
|        Clock Signal       |                         Enable Signal                        | Set/Reset Signal | Slice Load Count | Bel Load Count | Bels / Slice |
+---------------------------+--------------------------------------------------------------+------------------+------------------+----------------+--------------+
|  clk_wizard/inst/clk_out1 | i2c_master_inst/Inst_I2C_Controller/i2c_scl_i_1_n_0          |                  |                1 |              1 |         1.00 |
|  clk_wizard/inst/clk_out1 | i2c_master_inst/Inst_I2C_Controller/i2c_sda_t_i_1_n_0        |                  |                1 |              1 |         1.00 |
|  clk_wizard/inst/clk_out1 | i2c_master_inst/Inst_adau1761_configuration_data/E[0]        |                  |                1 |              1 |         1.00 |
|  clk_wizard/inst/clk_out1 | i2c_master_inst/Inst_adau1761_configuration_data/E[1]        |                  |                1 |              1 |         1.00 |
|  AC_GPIO2_IBUF_BUFG       |                                                              |                  |                1 |              1 |         1.00 |
|  AC_GPIO2_IBUF_BUFG       | transmitter_inst/sd_out_i_1_n_0                              |                  |                1 |              1 |         1.00 |
|  AC_GPIO2_IBUF_BUFG       | transmitter_inst/tx_ready_i_1_n_0                            | reset_IBUF       |                1 |              1 |         1.00 |
|  clk_wizard/inst/clk_out1 |                                                              |                  |                3 |              4 |         1.33 |
|  clk_wizard/inst/clk_out1 | i2c_master_inst/Inst_I2C_Controller/state[3]_i_1_n_0         |                  |                3 |              4 |         1.33 |
|  clk_wizard/inst/clk_out1 | i2c_master_inst/Inst_I2C_Controller/i2c_bits_left[3]_i_1_n_0 |                  |                1 |              4 |         4.00 |
|  AC_GPIO2_IBUF_BUFG       | transmitter_inst/bit_counter                                 | reset_IBUF       |                1 |              5 |         5.00 |
|  clk_wizard/inst/clk_out1 | i2c_master_inst/Inst_I2C_Controller/bitcount[7]_i_1_n_0      |                  |                3 |              8 |         2.67 |
|  clk_wizard/inst/clk_out1 | i2c_master_inst/Inst_I2C_Controller/i2c_data[8]_i_1_n_0      |                  |                4 |              9 |         2.25 |
|  clk_wizard/inst/clk_out1 | i2c_master_inst/Inst_I2C_Controller/pcnext[9]_i_1_n_0        |                  |                3 |             10 |         3.33 |
|  clk_wizard/inst/clk_out1 | i2c_master_inst/Inst_I2C_Controller/delay[15]_i_1_n_0        |                  |                9 |             16 |         1.78 |
|  AC_GPIO2_IBUF_BUFG       | receiver_inst/audio_left[27]_i_1_n_0                         |                  |                6 |             28 |         4.67 |
|  AC_GPIO2_IBUF_BUFG       | receiver_inst/audio_right[27]_i_1_n_0                        |                  |                5 |             28 |         5.60 |
|  AC_GPIO2_IBUF_BUFG       |                                                              | reset_IBUF       |               11 |             32 |         2.91 |
|  AC_GPIO2_IBUF_BUFG       | receiver_inst/bit_counter                                    | reset_IBUF       |                7 |             33 |         4.71 |
|  clk_IBUF_BUFG            |                                                              | reset_IBUF       |               11 |             56 |         5.09 |
+---------------------------+--------------------------------------------------------------+------------------+------------------+----------------+--------------+


